device: cpu  autocast: None

loading train images:   0%|          | 0/9664 [00:00<?, ?img/s]
loading train images:   2%|▏         | 163/9664 [00:00<00:05, 1622.17img/s]
loading train images:   4%|▍         | 392/9664 [00:00<00:04, 2012.50img/s]
loading train images:   6%|▋         | 627/9664 [00:00<00:04, 2165.74img/s]
loading train images:   9%|▉         | 862/9664 [00:00<00:03, 2236.49img/s]
loading train images:  11%|█▏        | 1102/9664 [00:00<00:03, 2295.19img/s]
loading train images:  14%|█▍        | 1340/9664 [00:00<00:03, 2321.75img/s]
loading train images:  16%|█▋        | 1578/9664 [00:00<00:03, 2340.55img/s]
loading train images:  19%|█▉        | 1815/9664 [00:00<00:03, 2349.81img/s]
loading train images:  21%|██        | 2053/9664 [00:00<00:03, 2357.20img/s]
loading train images:  24%|██▎       | 2289/9664 [00:01<00:03, 2352.35img/s]
loading train images:  26%|██▌       | 2527/9664 [00:01<00:03, 2359.46img/s]
loading train images:  29%|██▊       | 2769/9664 [00:01<00:02, 2375.64img/s]
loading train images:  31%|███       | 3008/9664 [00:01<00:02, 2379.20img/s]
loading train images:  34%|███▎      | 3251/9664 [00:01<00:02, 2392.57img/s]
loading train images:  36%|███▌      | 3494/9664 [00:01<00:02, 2401.39img/s]
loading train images:  39%|███▊      | 3742/9664 [00:01<00:02, 2422.54img/s]
loading train images:  41%|████      | 3985/9664 [00:01<00:02, 2255.94img/s]
loading train images:  44%|████▍     | 4231/9664 [00:01<00:02, 2313.55img/s]
loading train images:  46%|████▌     | 4468/9664 [00:01<00:02, 2327.22img/s]
loading train images:  49%|████▊     | 4703/9664 [00:02<00:02, 2330.21img/s]
loading train images:  51%|█████     | 4937/9664 [00:02<00:02, 2317.22img/s]
loading train images:  53%|█████▎    | 5170/9664 [00:02<00:02, 2175.41img/s]
loading train images:  56%|█████▌    | 5415/9664 [00:02<00:01, 2252.72img/s]
loading train images:  59%|█████▊    | 5658/9664 [00:02<00:01, 2303.46img/s]
loading train images:  61%|██████    | 5905/9664 [00:02<00:01, 2349.75img/s]
loading train images:  64%|██████▎   | 6149/9664 [00:02<00:01, 2373.51img/s]
loading train images:  66%|██████▌   | 6390/9664 [00:02<00:01, 2382.94img/s]
loading train images:  69%|██████▊   | 6631/9664 [00:02<00:01, 2389.78img/s]
loading train images:  71%|███████   | 6873/9664 [00:02<00:01, 2397.76img/s]
loading train images:  74%|███████▎  | 7114/9664 [00:03<00:01, 2400.69img/s]
loading train images:  76%|███████▌  | 7359/9664 [00:03<00:00, 2414.52img/s]
loading train images:  79%|███████▊  | 7601/9664 [00:03<00:00, 2338.07img/s]
loading train images:  81%|████████  | 7836/9664 [00:03<00:00, 2233.17img/s]
loading train images:  84%|████████▎ | 8074/9664 [00:03<00:00, 2274.64img/s]
loading train images:  86%|████████▌ | 8317/9664 [00:03<00:00, 2317.57img/s]
loading train images:  89%|████████▊ | 8556/9664 [00:03<00:00, 2337.61img/s]
loading train images:  91%|█████████ | 8794/9664 [00:03<00:00, 2347.36img/s]
loading train images:  94%|█████████▎| 9040/9664 [00:03<00:00, 2380.56img/s]
loading train images:  96%|█████████▌| 9282/9664 [00:03<00:00, 2391.44img/s]
loading train images:  99%|█████████▊| 9522/9664 [00:04<00:00, 2393.47img/s]
                                                                            

loading train masks:   0%|          | 0/9664 [00:00<?, ?img/s]
loading train masks:   5%|▌         | 497/9664 [00:00<00:01, 4967.17img/s]
loading train masks:  12%|█▏        | 1116/9664 [00:00<00:01, 5685.04img/s]
loading train masks:  18%|█▊        | 1741/9664 [00:00<00:01, 5942.41img/s]
loading train masks:  24%|██▍       | 2336/9664 [00:00<00:01, 5554.31img/s]
loading train masks:  30%|██▉       | 2895/9664 [00:00<00:01, 5405.22img/s]
loading train masks:  36%|███▌      | 3438/9664 [00:00<00:01, 5335.85img/s]
loading train masks:  42%|████▏     | 4034/9664 [00:00<00:01, 5528.58img/s]
loading train masks:  47%|████▋     | 4589/9664 [00:00<00:00, 5397.79img/s]
loading train masks:  53%|█████▎    | 5131/9664 [00:00<00:00, 5297.89img/s]
loading train masks:  59%|█████▊    | 5662/9664 [00:01<00:00, 5284.27img/s]
loading train masks:  64%|██████▍   | 6207/9664 [00:01<00:00, 5333.21img/s]
loading train masks:  70%|██████▉   | 6741/9664 [00:01<00:00, 5299.79img/s]
loading train masks:  75%|███████▌  | 7277/9664 [00:01<00:00, 5316.52img/s]
loading train masks:  81%|████████  | 7809/9664 [00:01<00:00, 5226.59img/s]
loading train masks:  86%|████████▋ | 8338/9664 [00:01<00:00, 5242.61img/s]
loading train masks:  92%|█████████▏| 8863/9664 [00:01<00:00, 5213.60img/s]
loading train masks:  98%|█████████▊| 9463/9664 [00:01<00:00, 5445.13img/s]
                                                                           

loading validate images:   0%|          | 0/1120 [00:00<?, ?img/s]
loading validate images:  15%|█▌        | 171/1120 [00:00<00:00, 1705.43img/s]
loading validate images:  36%|███▌      | 404/1120 [00:00<00:00, 2068.49img/s]
loading validate images:  55%|█████▌    | 617/1120 [00:00<00:00, 2091.65img/s]
loading validate images:  74%|███████▍  | 827/1120 [00:00<00:00, 2092.49img/s]
loading validate images:  95%|█████████▌| 1064/1120 [00:00<00:00, 2190.64img/s]
                                                                               

loading validate masks:   0%|          | 0/1120 [00:00<?, ?img/s]
loading validate masks:  45%|████▍     | 499/1120 [00:00<00:00, 4980.93img/s]
loading validate masks:  91%|█████████ | 1016/1120 [00:00<00:00, 5091.47img/s]
                                                                              
train 9664 / validate 1120 / test not loaded slices; train class fractions {'background': 0.723, 'CSF': 0.056, 'grey matter': 0.114, 'white matter': 0.107}
UNet(base=8, depth=3): 121,060 parameters
epoch   1/10  loss 0.1563  train DSC [0.997 0.885 0.902 0.944]  val DSC [0.998 0.890 0.911 0.945] (mean 0.9358)  [203s]
epoch   2/10  loss 0.1253  train DSC [0.998 0.904 0.919 0.954]  val DSC [0.998 0.911 0.925 0.950] (mean 0.9460)  [213s]
epoch   3/10  loss 0.1083  train DSC [0.998 0.917 0.930 0.961]  val DSC [0.998 0.918 0.932 0.956] (mean 0.9510)  [227s]
epoch   4/10  loss 0.1011  train DSC [0.998 0.922 0.934 0.964]  val DSC [0.998 0.917 0.939 0.964] (mean 0.9546)  [213s]
epoch   5/10  loss 0.0973  train DSC [0.998 0.924 0.937 0.965]  val DSC [0.998 0.923 0.942 0.966] (mean 0.9575)  [197s]
All validation classes exceed 0.92; stopping before inspecting test data.
training finished in 1053s; best validation mean DSC 0.9575 -> results/medium_unet128_refine/unet_best.pt
[saved] results/medium_unet128_refine/loss.png
[saved] results/medium_unet128_refine/val_dice.png
Validation-only run: test split not loaded. Use predict.py after choosing the final model.
